Error: Unable to access jarfile build/libs/HR_BANK-team5-0.0.1-SNAPSHOT.jar

  .   ____          _            __ _ _
 /\\ / ___'_ __ _ _(_)_ __  __ _ \ \ \ \
( ( )\___ | '_ | '_| | '_ \/ _` | \ \ \ \
 \\/  ___)| |_)| | | | | || (_| |  ) ) ) )
  '  |____| .__|_| |_|_| |_\__, | / / / /
 =========|_|==============|___/=/_/_/_/
 :: Spring Boot ::                (v3.2.4)

2026-03-20T18:34:29.877+09:00  INFO 54607 --- [           main] c.e.hrbank.Sb9HrBankTeam5Application     : Starting Sb9HrBankTeam5Application v0.0.1-SNAPSHOT using Java 17.0.17 with PID 54607 (/Users/apple/project/hr_bank/sb9-HR_BANK-team5/build/libs/app.jar started by apple in /Users/apple/project/hr_bank/sb9-HR_BANK-team5)
2026-03-20T18:34:29.879+09:00  INFO 54607 --- [           main] c.e.hrbank.Sb9HrBankTeam5Application     : The following 1 profile is active: "local"
2026-03-20T18:34:30.678+09:00  INFO 54607 --- [           main] .s.d.r.c.RepositoryConfigurationDelegate : Bootstrapping Spring Data JPA repositories in DEFAULT mode.
2026-03-20T18:34:30.738+09:00  INFO 54607 --- [           main] .s.d.r.c.RepositoryConfigurationDelegate : Finished Spring Data repository scanning in 57 ms. Found 6 JPA repository interfaces.
2026-03-20T18:34:31.257+09:00  INFO 54607 --- [           main] o.s.b.w.embedded.tomcat.TomcatWebServer  : Tomcat initialized with port 8080 (http)
2026-03-20T18:34:31.265+09:00  INFO 54607 --- [           main] o.apache.catalina.core.StandardService   : Starting service [Tomcat]
2026-03-20T18:34:31.265+09:00  INFO 54607 --- [           main] o.apache.catalina.core.StandardEngine    : Starting Servlet engine: [Apache Tomcat/10.1.19]
2026-03-20T18:34:31.289+09:00  INFO 54607 --- [           main] o.a.c.c.C.[Tomcat].[localhost].[/]       : Initializing Spring embedded WebApplicationContext
2026-03-20T18:34:31.289+09:00  INFO 54607 --- [           main] w.s.c.ServletWebServerApplicationContext : Root WebApplicationContext: initialization completed in 1349 ms
2026-03-20T18:34:31.334+09:00  INFO 54607 --- [           main] com.zaxxer.hikari.HikariDataSource       : HikariPool-1 - Starting...
2026-03-20T18:34:31.449+09:00  INFO 54607 --- [           main] com.zaxxer.hikari.pool.HikariPool        : HikariPool-1 - Added connection conn0: url=jdbc:h2:mem:testdb user=SA
2026-03-20T18:34:31.450+09:00  INFO 54607 --- [           main] com.zaxxer.hikari.HikariDataSource       : HikariPool-1 - Start completed.
2026-03-20T18:34:31.458+09:00  INFO 54607 --- [           main] o.s.b.a.h2.H2ConsoleAutoConfiguration    : H2 console available at '/h2-console'. Database available at 'jdbc:h2:mem:testdb'
2026-03-20T18:34:31.614+09:00  INFO 54607 --- [           main] o.hibernate.jpa.internal.util.LogHelper  : HHH000204: Processing PersistenceUnitInfo [name: default]
2026-03-20T18:34:31.700+09:00  INFO 54607 --- [           main] org.hibernate.Version                    : HHH000412: Hibernate ORM core version 6.4.4.Final
2026-03-20T18:34:31.763+09:00  INFO 54607 --- [           main] o.h.c.internal.RegionFactoryInitiator    : HHH000026: Second-level cache disabled
2026-03-20T18:34:32.334+09:00  INFO 54607 --- [           main] o.s.o.j.p.SpringPersistenceUnitInfo      : No LoadTimeWeaver setup: ignoring JPA class transformer
2026-03-20T18:34:32.411+09:00  WARN 54607 --- [           main] org.hibernate.orm.deprecation            : HHH90000025: H2Dialect does not need to be specified explicitly using 'hibernate.dialect' (remove the property setting and it will be selected by default)
2026-03-20T18:34:33.805+09:00  INFO 54607 --- [           main] o.h.e.t.j.p.i.JtaPlatformInitiator       : HHH000489: No JTA platform available (set 'hibernate.transaction.jta.platform' to enable JTA platform integration)
Hibernate: 
    drop table if exists backup_history cascade 
Hibernate: 
    drop table if exists binary_contents cascade 
Hibernate: 
    drop table if exists change_logs cascade 
Hibernate: 
    drop table if exists change_log_diff cascade 
Hibernate: 
    drop table if exists departments cascade 
Hibernate: 
    drop table if exists employees cascade 
Hibernate: 
    create table backup_history (
        created_at timestamp(6) not null,
        ended_at timestamp(6),
        file_id bigint,
        id bigint generated by default as identity,
        started_at timestamp(6) not null,
        updated_at timestamp(6) not null,
        status varchar(255) not null check (status in ('IN_PROGRESS','COMPLETED','FAILED','SKIPPED')),
        worker varchar(255) not null,
        primary key (id)
    )
Hibernate: 
    create table binary_contents (
        created_at timestamp(6) not null,
        file_size bigint not null,
        id bigint generated by default as identity,
        updated_at timestamp(6) not null,
        content_type varchar(100) not null,
        file_name varchar(200) not null,
        primary key (id)
    )
Hibernate: 
    create table change_logs (
        created_at timestamp(6) not null,
        id bigint generated by default as identity,
        updated_at timestamp(6) not null,
        employee_number varchar(100) not null,
        ip_address varchar(255),
        memo varchar(255) not null,
        type varchar(255) not null check (type in ('CREATED','UPDATED','DELETED')),
        primary key (id)
    )
Hibernate: 
    create table change_log_diff (
        change_log_id bigint,
        id bigint generated by default as identity,
        after varchar(255) not null,
        before varchar(255) not null,
        property_name varchar(255) not null,
        primary key (id)
    )
Hibernate: 
    create table departments (
        employee_count integer not null,
        established_date date not null,
        created_at timestamp(6) not null,
        id bigint generated by default as identity,
        updated_at timestamp(6) not null,
        name varchar(50) not null unique,
        description varchar(500),
        primary key (id)
    )
Hibernate: 
    create table employees (
        hire_date date not null,
        resignation_date date,
        created_at timestamp(6) not null,
        department_id bigint,
        id bigint generated by default as identity,
        profile_image_id bigint unique,
        updated_at timestamp(6) not null,
        employee_number varchar(50) not null unique,
        name varchar(50) not null,
        position varchar(50),
        email varchar(100) not null unique,
        status varchar(255) not null check (status in ('ACTIVE','ON_LEAVE','RESIGNED')),
        primary key (id)
    )
Hibernate: 
    alter table if exists change_log_diff 
       add constraint FKk0x41tqj8fxg4fjvjynsfvewc 
       foreign key (change_log_id) 
       references change_logs
Hibernate: 
    alter table if exists employees 
       add constraint FK_EMP_DEPT 
       foreign key (department_id) 
       references departments
Hibernate: 
    alter table if exists employees 
       add constraint FK_EMP_PROFILE 
       foreign key (profile_image_id) 
       references binary_contents
2026-03-20T18:34:33.839+09:00  INFO 54607 --- [           main] j.LocalContainerEntityManagerFactoryBean : Initialized JPA EntityManagerFactory for persistence unit 'default'
2026-03-20T18:34:34.128+09:00  INFO 54607 --- [           main] o.s.d.j.r.query.QueryEnhancerFactory     : Hibernate is in classpath; If applicable, HQL parser will be used.
2026-03-20T18:34:35.956+09:00  WARN 54607 --- [           main] JpaBaseConfiguration$JpaWebConfiguration : spring.jpa.open-in-view is enabled by default. Therefore, database queries may be performed during view rendering. Explicitly configure spring.jpa.open-in-view to disable this warning
2026-03-20T18:34:35.971+09:00  INFO 54607 --- [           main] o.s.b.a.w.s.WelcomePageHandlerMapping    : Adding welcome page: class path resource [static/index.html]
2026-03-20T18:34:36.270+09:00  INFO 54607 --- [           main] o.s.b.w.embedded.tomcat.TomcatWebServer  : Tomcat started on port 8080 (http) with context path ''
2026-03-20T18:34:36.292+09:00  INFO 54607 --- [           main] c.e.hrbank.Sb9HrBankTeam5Application     : Started Sb9HrBankTeam5Application in 6.77 seconds (process running for 7.209)
Hibernate: 
    select
        count(*) 
    from
        departments d1_0
Hibernate: 
    insert 
    into
        departments
        (created_at, description, employee_count, established_date, name, updated_at, id) 
    values
        (?, ?, ?, ?, ?, ?, default)
Hibernate: 
    insert 
    into
        departments
        (created_at, description, employee_count, established_date, name, updated_at, id) 
    values
        (?, ?, ?, ?, ?, ?, default)
Hibernate: 
    insert 
    into
        employees
        (created_at, department_id, email, employee_number, hire_date, name, position, profile_image_id, resignation_date, status, updated_at, id) 
    values
        (?, ?, ?, ?, ?, ?, ?, ?, ?, ?, ?, default)
Hibernate: 
    insert 
    into
        employees
        (created_at, department_id, email, employee_number, hire_date, name, position, profile_image_id, resignation_date, status, updated_at, id) 
    values
        (?, ?, ?, ?, ?, ?, ?, ?, ?, ?, ?, default)
Hibernate: 
    insert 
    into
        employees
        (created_at, department_id, email, employee_number, hire_date, name, position, profile_image_id, resignation_date, status, updated_at, id) 
    values
        (?, ?, ?, ?, ?, ?, ?, ?, ?, ?, ?, default)
Hibernate: 
    insert 
    into
        employees
        (created_at, department_id, email, employee_number, hire_date, name, position, profile_image_id, resignation_date, status, updated_at, id) 
    values
        (?, ?, ?, ?, ?, ?, ?, ?, ?, ?, ?, default)
Hibernate: 
    insert 
    into
        employees
        (created_at, department_id, email, employee_number, hire_date, name, position, profile_image_id, resignation_date, status, updated_at, id) 
    values
        (?, ?, ?, ?, ?, ?, ?, ?, ?, ?, ?, default)
Hibernate: 
    insert 
    into
        employees
        (created_at, department_id, email, employee_number, hire_date, name, position, profile_image_id, resignation_date, status, updated_at, id) 
    values
        (?, ?, ?, ?, ?, ?, ?, ?, ?, ?, ?, default)
Hibernate: 
    insert 
    into
        employees
        (created_at, department_id, email, employee_number, hire_date, name, position, profile_image_id, resignation_date, status, updated_at, id) 
    values
        (?, ?, ?, ?, ?, ?, ?, ?, ?, ?, ?, default)
Hibernate: 
    insert 
    into
        employees
        (created_at, department_id, email, employee_number, hire_date, name, position, profile_image_id, resignation_date, status, updated_at, id) 
    values
        (?, ?, ?, ?, ?, ?, ?, ?, ?, ?, ?, default)
Hibernate: 
    insert 
    into
        employees
        (created_at, department_id, email, employee_number, hire_date, name, position, profile_image_id, resignation_date, status, updated_at, id) 
    values
        (?, ?, ?, ?, ?, ?, ?, ?, ?, ?, ?, default)
Hibernate: 
    insert 
    into
        employees
        (created_at, department_id, email, employee_number, hire_date, name, position, profile_image_id, resignation_date, status, updated_at, id) 
    values
        (?, ?, ?, ?, ?, ?, ?, ?, ?, ?, ?, default)
Hibernate: 
    insert 
    into
        employees
        (created_at, department_id, email, employee_number, hire_date, name, position, profile_image_id, resignation_date, status, updated_at, id) 
    values
        (?, ?, ?, ?, ?, ?, ?, ?, ?, ?, ?, default)
Hibernate: 
    insert 
    into
        employees
        (created_at, department_id, email, employee_number, hire_date, name, position, profile_image_id, resignation_date, status, updated_at, id) 
    values
        (?, ?, ?, ?, ?, ?, ?, ?, ?, ?, ?, default)
Hibernate: 
    insert 
    into
        employees
        (created_at, department_id, email, employee_number, hire_date, name, position, profile_image_id, resignation_date, status, updated_at, id) 
    values
        (?, ?, ?, ?, ?, ?, ?, ?, ?, ?, ?, default)
Hibernate: 
    insert 
    into
        employees
        (created_at, department_id, email, employee_number, hire_date, name, position, profile_image_id, resignation_date, status, updated_at, id) 
    values
        (?, ?, ?, ?, ?, ?, ?, ?, ?, ?, ?, default)
Hibernate: 
    insert 
    into
        employees
        (created_at, department_id, email, employee_number, hire_date, name, position, profile_image_id, resignation_date, status, updated_at, id) 
    values
        (?, ?, ?, ?, ?, ?, ?, ?, ?, ?, ?, default)
Hibernate: 
    insert 
    into
        employees
        (created_at, department_id, email, employee_number, hire_date, name, position, profile_image_id, resignation_date, status, updated_at, id) 
    values
        (?, ?, ?, ?, ?, ?, ?, ?, ?, ?, ?, default)
Hibernate: 
    insert 
    into
        employees
        (created_at, department_id, email, employee_number, hire_date, name, position, profile_image_id, resignation_date, status, updated_at, id) 
    values
        (?, ?, ?, ?, ?, ?, ?, ?, ?, ?, ?, default)
Hibernate: 
    insert 
    into
        employees
        (created_at, department_id, email, employee_number, hire_date, name, position, profile_image_id, resignation_date, status, updated_at, id) 
    values
        (?, ?, ?, ?, ?, ?, ?, ?, ?, ?, ?, default)
Hibernate: 
    insert 
    into
        employees
        (created_at, department_id, email, employee_number, hire_date, name, position, profile_image_id, resignation_date, status, updated_at, id) 
    values
        (?, ?, ?, ?, ?, ?, ?, ?, ?, ?, ?, default)
Hibernate: 
    insert 
    into
        employees
        (created_at, department_id, email, employee_number, hire_date, name, position, profile_image_id, resignation_date, status, updated_at, id) 
    values
        (?, ?, ?, ?, ?, ?, ?, ?, ?, ?, ?, default)
Hibernate: 
    insert 
    into
        employees
        (created_at, department_id, email, employee_number, hire_date, name, position, profile_image_id, resignation_date, status, updated_at, id) 
    values
        (?, ?, ?, ?, ?, ?, ?, ?, ?, ?, ?, default)
Hibernate: 
    insert 
    into
        employees
        (created_at, department_id, email, employee_number, hire_date, name, position, profile_image_id, resignation_date, status, updated_at, id) 
    values
        (?, ?, ?, ?, ?, ?, ?, ?, ?, ?, ?, default)
Hibernate: 
    insert 
    into
        employees
        (created_at, department_id, email, employee_number, hire_date, name, position, profile_image_id, resignation_date, status, updated_at, id) 
    values
        (?, ?, ?, ?, ?, ?, ?, ?, ?, ?, ?, default)
Hibernate: 
    insert 
    into
        employees
        (created_at, department_id, email, employee_number, hire_date, name, position, profile_image_id, resignation_date, status, updated_at, id) 
    values
        (?, ?, ?, ?, ?, ?, ?, ?, ?, ?, ?, default)
Hibernate: 
    insert 
    into
        employees
        (created_at, department_id, email, employee_number, hire_date, name, position, profile_image_id, resignation_date, status, updated_at, id) 
    values
        (?, ?, ?, ?, ?, ?, ?, ?, ?, ?, ?, default)
Hibernate: 
    insert 
    into
        employees
        (created_at, department_id, email, employee_number, hire_date, name, position, profile_image_id, resignation_date, status, updated_at, id) 
    values
        (?, ?, ?, ?, ?, ?, ?, ?, ?, ?, ?, default)
Hibernate: 
    insert 
    into
        employees
        (created_at, department_id, email, employee_number, hire_date, name, position, profile_image_id, resignation_date, status, updated_at, id) 
    values
        (?, ?, ?, ?, ?, ?, ?, ?, ?, ?, ?, default)
Hibernate: 
    insert 
    into
        employees
        (created_at, department_id, email, employee_number, hire_date, name, position, profile_image_id, resignation_date, status, updated_at, id) 
    values
        (?, ?, ?, ?, ?, ?, ?, ?, ?, ?, ?, default)
Hibernate: 
    insert 
    into
        employees
        (created_at, department_id, email, employee_number, hire_date, name, position, profile_image_id, resignation_date, status, updated_at, id) 
    values
        (?, ?, ?, ?, ?, ?, ?, ?, ?, ?, ?, default)
Hibernate: 
    insert 
    into
        employees
        (created_at, department_id, email, employee_number, hire_date, name, position, profile_image_id, resignation_date, status, updated_at, id) 
    values
        (?, ?, ?, ?, ?, ?, ?, ?, ?, ?, ?, default)
Hibernate: 
    insert 
    into
        employees
        (created_at, department_id, email, employee_number, hire_date, name, position, profile_image_id, resignation_date, status, updated_at, id) 
    values
        (?, ?, ?, ?, ?, ?, ?, ?, ?, ?, ?, default)
Hibernate: 
    insert 
    into
        employees
        (created_at, department_id, email, employee_number, hire_date, name, position, profile_image_id, resignation_date, status, updated_at, id) 
    values
        (?, ?, ?, ?, ?, ?, ?, ?, ?, ?, ?, default)
Hibernate: 
    insert 
    into
        employees
        (created_at, department_id, email, employee_number, hire_date, name, position, profile_image_id, resignation_date, status, updated_at, id) 
    values
        (?, ?, ?, ?, ?, ?, ?, ?, ?, ?, ?, default)
Hibernate: 
    insert 
    into
        employees
        (created_at, department_id, email, employee_number, hire_date, name, position, profile_image_id, resignation_date, status, updated_at, id) 
    values
        (?, ?, ?, ?, ?, ?, ?, ?, ?, ?, ?, default)
Hibernate: 
    insert 
    into
        employees
        (created_at, department_id, email, employee_number, hire_date, name, position, profile_image_id, resignation_date, status, updated_at, id) 
    values
        (?, ?, ?, ?, ?, ?, ?, ?, ?, ?, ?, default)
Hibernate: 
    insert 
    into
        employees
        (created_at, department_id, email, employee_number, hire_date, name, position, profile_image_id, resignation_date, status, updated_at, id) 
    values
        (?, ?, ?, ?, ?, ?, ?, ?, ?, ?, ?, default)
Hibernate: 
    insert 
    into
        employees
        (created_at, department_id, email, employee_number, hire_date, name, position, profile_image_id, resignation_date, status, updated_at, id) 
    values
        (?, ?, ?, ?, ?, ?, ?, ?, ?, ?, ?, default)
Hibernate: 
    insert 
    into
        employees
        (created_at, department_id, email, employee_number, hire_date, name, position, profile_image_id, resignation_date, status, updated_at, id) 
    values
        (?, ?, ?, ?, ?, ?, ?, ?, ?, ?, ?, default)
Hibernate: 
    insert 
    into
        employees
        (created_at, department_id, email, employee_number, hire_date, name, position, profile_image_id, resignation_date, status, updated_at, id) 
    values
        (?, ?, ?, ?, ?, ?, ?, ?, ?, ?, ?, default)
Hibernate: 
    insert 
    into
        employees
        (created_at, department_id, email, employee_number, hire_date, name, position, profile_image_id, resignation_date, status, updated_at, id) 
    values
        (?, ?, ?, ?, ?, ?, ?, ?, ?, ?, ?, default)
Hibernate: 
    insert 
    into
        employees
        (created_at, department_id, email, employee_number, hire_date, name, position, profile_image_id, resignation_date, status, updated_at, id) 
    values
        (?, ?, ?, ?, ?, ?, ?, ?, ?, ?, ?, default)
Hibernate: 
    insert 
    into
        employees
        (created_at, department_id, email, employee_number, hire_date, name, position, profile_image_id, resignation_date, status, updated_at, id) 
    values
        (?, ?, ?, ?, ?, ?, ?, ?, ?, ?, ?, default)
Hibernate: 
    insert 
    into
        employees
        (created_at, department_id, email, employee_number, hire_date, name, position, profile_image_id, resignation_date, status, updated_at, id) 
    values
        (?, ?, ?, ?, ?, ?, ?, ?, ?, ?, ?, default)
Hibernate: 
    insert 
    into
        employees
        (created_at, department_id, email, employee_number, hire_date, name, position, profile_image_id, resignation_date, status, updated_at, id) 
    values
        (?, ?, ?, ?, ?, ?, ?, ?, ?, ?, ?, default)
Hibernate: 
    insert 
    into
        employees
        (created_at, department_id, email, employee_number, hire_date, name, position, profile_image_id, resignation_date, status, updated_at, id) 
    values
        (?, ?, ?, ?, ?, ?, ?, ?, ?, ?, ?, default)
Hibernate: 
    insert 
    into
        employees
        (created_at, department_id, email, employee_number, hire_date, name, position, profile_image_id, resignation_date, status, updated_at, id) 
    values
        (?, ?, ?, ?, ?, ?, ?, ?, ?, ?, ?, default)
Hibernate: 
    insert 
    into
        employees
        (created_at, department_id, email, employee_number, hire_date, name, position, profile_image_id, resignation_date, status, updated_at, id) 
    values
        (?, ?, ?, ?, ?, ?, ?, ?, ?, ?, ?, default)
Hibernate: 
    insert 
    into
        employees
        (created_at, department_id, email, employee_number, hire_date, name, position, profile_image_id, resignation_date, status, updated_at, id) 
    values
        (?, ?, ?, ?, ?, ?, ?, ?, ?, ?, ?, default)
Hibernate: 
    insert 
    into
        employees
        (created_at, department_id, email, employee_number, hire_date, name, position, profile_image_id, resignation_date, status, updated_at, id) 
    values
        (?, ?, ?, ?, ?, ?, ?, ?, ?, ?, ?, default)
Hibernate: 
    insert 
    into
        employees
        (created_at, department_id, email, employee_number, hire_date, name, position, profile_image_id, resignation_date, status, updated_at, id) 
    values
        (?, ?, ?, ?, ?, ?, ?, ?, ?, ?, ?, default)
Hibernate: 
    insert 
    into
        change_logs
        (created_at, employee_number, ip_address, memo, type, updated_at, id) 
    values
        (?, ?, ?, ?, ?, ?, default)
>>> 초기 데이터 50건 및 통합 로그 기록 완료!
